2025-11-27 10:32:48,467 [ERROR] µÇÂ¼Ê§°Ü: µÇÂ¼Ê§°Ü: {'STATUS': '1', 'ERRCODE': '100', 'ERRMSG': '²ÎÊı´íÎó!'}
Traceback (most recent call last):
  File "C:\Users\29288\PyCharmMiscProject\auto_sign_backend\run.py", line 63, in run_auto_sign
    client.login(cfg["phone"], cfg.get("password"))
    ~~~~~~~~~~~~^^^^^^^^^^^^^^^^^^^^^^^^^^^^^^^^^^^
  File "C:\Users\29288\PyCharmMiscProject\auto_sign_backend\client\iclass_client.py", line 42, in login
    raise RuntimeError("µÇÂ¼Ê§°Ü: " + str(js))
RuntimeError: µÇÂ¼Ê§°Ü: {'STATUS': '1', 'ERRCODE': '100', 'ERRMSG': '²ÎÊı´íÎó!'}
2025-11-27 10:32:48,468 [INFO] dry_run Ä£Ê½¼ÌĞø£¨Î´µÇÂ¼£©
2025-11-27 10:32:48,493 [ERROR] »ñÈ¡¿Î³ÌÊ§°Ü: Expecting value: line 2 column 1 (char 2)
Traceback (most recent call last):
  File "C:\Users\29288\PyCharmMiscProject\.venv\Lib\site-packages\requests\models.py", line 976, in json
    return complexjson.loads(self.text, **kwargs)
           ~~~~~~~~~~~~~~~~~^^^^^^^^^^^^^^^^^^^^^
  File "C:\Users\29288\AppData\Local\Programs\Python\Python313\Lib\json\__init__.py", line 346, in loads
    return _default_decoder.decode(s)
           ~~~~~~~~~~~~~~~~~~~~~~~^^^
  File "C:\Users\29288\AppData\Local\Programs\Python\Python313\Lib\json\decoder.py", line 345, in decode
    obj, end = self.raw_decode(s, idx=_w(s, 0).end())
               ~~~~~~~~~~~~~~~^^^^^^^^^^^^^^^^^^^^^^^
  File "C:\Users\29288\AppData\Local\Programs\Python\Python313\Lib\json\decoder.py", line 363, in raw_decode
    raise JSONDecodeError("Expecting value", s, err.value) from None
json.decoder.JSONDecodeError: Expecting value: line 2 column 1 (char 2)

During handling of the above exception, another exception occurred:

Traceback (most recent call last):
  File "C:\Users\29288\PyCharmMiscProject\auto_sign_backend\run.py", line 76, in run_auto_sign
    sched = client.get_course_sched(today)
  File "C:\Users\29288\PyCharmMiscProject\auto_sign_backend\client\iclass_client.py", line 57, in get_course_sched
    return resp.json()
           ~~~~~~~~~^^
  File "C:\Users\29288\PyCharmMiscProject\.venv\Lib\site-packages\requests\models.py", line 980, in json
    raise RequestsJSONDecodeError(e.msg, e.doc, e.pos)
requests.exceptions.JSONDecodeError: Expecting value: line 2 column 1 (char 2)
2025-11-27 10:37:46,139 [INFO] ×Ô¶¯Ñ¡ÔñÈ«²¿¿Î³Ì£¬¹² 1 ÃÅ¡£
2025-11-27 10:37:46,140 [INFO] ½øÈë×Ô¶¯Ç©µ½¼ì²âÑ­»·£¨Ã¿·ÖÖÓ¼ì²âÒ»´Î£¬Ö±µ½ËùÓĞ¿Î³ÌÇ©µ½Íê³É£©
2025-11-27 10:37:46,140 [INFO] ¼ì²âµ½¿Î³Ì [¹¤¿ÆÊıÑ§·ÖÎö£¨1£©] ½øÈëÇ©µ½´°¿Ú£¬×¼±¸Ç©µ½...
2025-11-27 10:37:46,166 [INFO] Ìá½»Ç©µ½Êı¾İ: {"id": "211565", "courseSchedId": "2305891", "routerInfo": "A0:EE:1A:E0:A2:0E", "longitude": 116.397451, "latitude": 39.909187, "machineInfo": "Android", "signTime": "2025-11-27 10:37:46"}
2025-11-27 10:37:46,166 [INFO] dry_run Ä£Ê½»òÎ´ÅäÖÃ sign_url£¬²»Ö´ĞĞÇ©µ½ÇëÇó¡£
2025-11-27 10:37:46,166 [INFO] ¿Î³Ì [¹¤¿ÆÊıÑ§·ÖÎö£¨1£©] Ç©µ½Íê³É¡£
2025-11-27 10:38:24,722 [INFO] ×Ô¶¯Ñ¡ÔñÈ«²¿¿Î³Ì£¬¹² 1 ÃÅ¡£
2025-11-27 10:38:24,722 [INFO] ½øÈë×Ô¶¯Ç©µ½¼ì²âÑ­»·£¨Ã¿·ÖÖÓ¼ì²âÒ»´Î£¬Ö±µ½ËùÓĞ¿Î³ÌÇ©µ½Íê³É£©
2025-11-27 10:38:24,722 [INFO] ¼ì²âµ½¿Î³Ì [¹¤¿ÆÊıÑ§·ÖÎö£¨1£©] ½øÈëÇ©µ½´°¿Ú£¬×¼±¸Ç©µ½...
2025-11-27 10:38:24,795 [INFO] Ìá½»Ç©µ½Êı¾İ: {"id": "211565", "courseSchedId": "2305891", "routerInfo": "A0:EE:1A:E0:A2:0E", "longitude": 116.397451, "latitude": 39.909187, "machineInfo": "Android", "signTime": "2025-11-27 10:38:24"}
2025-11-27 10:38:24,892 [INFO] Ç©µ½·µ»Ø: {'STATUS': '0', 'result': {'stuSignId': '4621490', 'stuSignStatus': '1'}}
2025-11-27 10:38:24,892 [INFO] ¿Î³Ì [¹¤¿ÆÊıÑ§·ÖÎö£¨1£©] Ç©µ½Íê³É¡£
2025-11-27 11:46:32,414 [INFO] ×Ô¶¯Ñ¡ÔñÈ«²¿¿Î³Ì£¬¹² 1 ÃÅ¡£
2025-11-27 11:46:32,414 [INFO] ½øÈë×Ô¶¯Ç©µ½¼ì²âÑ­»·£¨Ã¿·ÖÖÓ¼ì²âÒ»´Î£¬Ö±µ½ËùÓĞ¿Î³ÌÇ©µ½Íê³É£©
2025-11-27 11:46:32,414 [INFO] ¼ì²âµ½¿Î³Ì [¹¤¿ÆÊıÑ§·ÖÎö£¨1£©] ½øÈëÇ©µ½´°¿Ú£¬×¼±¸Ç©µ½...
2025-11-27 11:46:32,437 [INFO] Ìá½»Ç©µ½Êı¾İ: {"id": "211565", "courseSchedId": "2305891", "routerInfo": "A0:EE:1A:E0:A2:0E", "longitude": 116.397451, "latitude": 39.909187, "machineInfo": "Android", "signTime": "2025-11-27 11:46:32"}
2025-11-27 11:46:32,480 [INFO] Ç©µ½·µ»Ø: {'STATUS': '0', 'result': {'stuSignId': '4621490', 'stuSignStatus': '1'}}
2025-11-27 11:46:32,480 [INFO] ¿Î³Ì [¹¤¿ÆÊıÑ§·ÖÎö£¨1£©] Ç©µ½Íê³É¡£
2025-11-27 11:47:32,481 [INFO] ËùÓĞÑ¡ÔñµÄ¿Î³Ì¾ùÇ©µ½Íê³É£¬³ÌĞòÍË³ö¡£
2025-11-27 11:49:18,709 [INFO] ×Ô¶¯Ñ¡ÔñÈ«²¿¿Î³Ì£¬¹² 1 ÃÅ¡£
2025-11-27 11:49:18,710 [INFO] ½øÈë×Ô¶¯Ç©µ½¼ì²âÑ­»·£¨Ã¿·ÖÖÓ¼ì²âÒ»´Î£¬Ö±µ½ËùÓĞ¿Î³ÌÇ©µ½Íê³É£©
2025-11-27 11:49:18,710 [INFO] ¼ì²âµ½¿Î³Ì [¹¤¿ÆÊıÑ§·ÖÎö£¨1£©] ½øÈëÇ©µ½´°¿Ú£¬×¼±¸Ç©µ½...
2025-11-27 11:49:18,733 [INFO] Ìá½»Ç©µ½Êı¾İ: {"id": "211565", "courseSchedId": "2305891", "routerInfo": "A0:EE:1A:E0:A2:0E", "longitude": 116.397451, "latitude": 39.909187, "machineInfo": "Android", "signTime": "2025-11-27 11:49:18"}
2025-11-27 11:49:18,791 [INFO] Ç©µ½·µ»Ø: {'STATUS': '0', 'result': {'stuSignId': '4621490', 'stuSignStatus': '1'}}
2025-11-27 11:49:18,791 [INFO] ¿Î³Ì [¹¤¿ÆÊıÑ§·ÖÎö£¨1£©] Ç©µ½Íê³É¡£
2025-11-27 11:50:18,792 [INFO] ËùÓĞÑ¡ÔñµÄ¿Î³Ì¾ùÇ©µ½Íê³É£¬³ÌĞòÍË³ö¡£
2025-11-27 11:53:30,969 [INFO] ×Ô¶¯Ñ¡ÔñÈ«²¿¿Î³Ì£¬¹² 1 ÃÅ¡£
2025-11-27 11:53:30,969 [INFO] ½øÈë×Ô¶¯Ç©µ½¼ì²âÑ­»·£¨Ã¿·ÖÖÓ¼ì²âÒ»´Î£¬Ö±µ½ËùÓĞ¿Î³ÌÇ©µ½Íê³É£©
2025-11-27 11:53:30,969 [INFO] ¼ì²âµ½¿Î³Ì [¹¤¿ÆÊıÑ§·ÖÎö£¨1£©] ½øÈëÇ©µ½´°¿Ú£¬×¼±¸Ç©µ½...
2025-11-27 11:53:31,004 [INFO] Ìá½»Ç©µ½Êı¾İ: {"id": "211565", "courseSchedId": "2305891", "routerInfo": "A0:EE:1A:E0:A2:0E", "longitude": 116.397451, "latitude": 39.909187, "machineInfo": "Android", "signTime": "2025-11-27 11:53:31"}
2025-11-27 11:53:31,035 [INFO] Ç©µ½·µ»Ø: {'STATUS': '0', 'result': {'stuSignId': '4621490', 'stuSignStatus': '1'}}
2025-11-27 11:53:31,035 [INFO] ¿Î³Ì [¹¤¿ÆÊıÑ§·ÖÎö£¨1£©] Ç©µ½Íê³É¡£
2025-11-27 11:58:36,872 [ERROR] µÇÂ¼Ê§°Ü: µÇÂ¼Ê§°Ü: {'STATUS': '1', 'ERRCODE': '100', 'ERRMSG': '²ÎÊı´íÎó!'}
Traceback (most recent call last):
  File "C:\Users\29288\PyCharmMiscProject\auto_sign_backend\test_login.py", line 65, in run_auto_sign
    client.login(cfg["phone"], cfg.get("password"))
    ~~~~~~~~~~~~^^^^^^^^^^^^^^^^^^^^^^^^^^^^^^^^^^^
  File "C:\Users\29288\PyCharmMiscProject\auto_sign_backend\client\iclass_client.py", line 42, in login
    raise RuntimeError("µÇÂ¼Ê§°Ü: " + str(js))
RuntimeError: µÇÂ¼Ê§°Ü: {'STATUS': '1', 'ERRCODE': '100', 'ERRMSG': '²ÎÊı´íÎó!'}
2025-11-27 11:58:52,883 [INFO] ½ñÌì¿Î³ÌÁĞ±í£¨º¬½ÌÊÒ¾­Î³¶È£©:
2025-11-27 11:58:52,884 [INFO] 1. ¹¤¿ÆÊıÑ§·ÖÎö£¨1£© (½ÌÊÒ: SH3-101) ¾­¶È: 116.397451, Î³¶È: 39.909187, ¿ªÊ¼: 2025-11-27 09:50:00, ½áÊø: 2025-11-27 12:15:00, id=2305891
2025-11-27 11:58:52,906 [INFO] ¿Î³Ì ¹¤¿ÆÊıÑ§·ÖÎö£¨1£© Ç©µ½´°¿Ú: 2025-11-27 09:45:00 ~ 2025-11-27 12:45:00
2025-11-27 11:58:52,906 [INFO] ×Ô¶¯Ñ¡ÔñÈ«²¿¿Î³Ì£¬¹² 1 ÃÅ¡£
2025-11-27 11:58:52,906 [INFO] ½øÈë×Ô¶¯Ç©µ½¼ì²âÑ­»·£¨Ã¿·ÖÖÓ¼ì²âÒ»´Î£¬Ö±µ½ËùÓĞ¿Î³ÌÇ©µ½Íê³É£©
2025-11-27 11:58:52,906 [INFO] ¼ì²âµ½¿Î³Ì [¹¤¿ÆÊıÑ§·ÖÎö£¨1£©] ½øÈëÇ©µ½´°¿Ú£¬×¼±¸Ç©µ½...
2025-11-27 11:58:52,949 [INFO] Ìá½»Ç©µ½Êı¾İ: {"id": "211565", "courseSchedId": "2305891", "routerInfo": "A0:EE:1A:E0:A2:0E", "longitude": 116.397451, "latitude": 39.909187, "machineInfo": "Android", "signTime": "2025-11-27 11:58:52"}
2025-11-27 11:58:52,949 [INFO] ·¢ËÍÇ©µ½ÇëÇóµ½ https://iclass.buaa.edu.cn:8181/app/course/stu_auto_sign.action
2025-11-27 11:58:53,021 [INFO] Ç©µ½ÏìÓ¦ HTTP None
2025-11-27 11:58:53,021 [INFO] Ç©µ½·µ»Ø JSON: {'STATUS': '0', 'result': {'stuSignId': '4621490', 'stuSignStatus': '1'}}
2025-11-27 11:58:53,021 [INFO] ¿Î³Ì [¹¤¿ÆÊıÑ§·ÖÎö£¨1£©] Ç©µ½Íê³É¡£
2025-11-27 11:59:17,735 [INFO] ÓÃ»§ÊÖ¶¯Í£Ö¹³ÌĞò
2025-11-27 12:09:45,866 [INFO] ×Ô¶¯Ñ¡ÔñÈ«²¿¿Î³Ì£¬¹² 1 ÃÅ¡£
2025-11-27 12:09:45,866 [INFO] ½øÈë×Ô¶¯Ç©µ½¼ì²âÑ­»·£¨Ã¿·ÖÖÓ¼ì²âÒ»´Î£¬Ö±µ½ËùÓĞ¿Î³ÌÇ©µ½Íê³É£©
2025-11-27 12:09:45,866 [INFO] ¼ì²âµ½¿Î³Ì [¹¤¿ÆÊıÑ§·ÖÎö£¨1£©] ÒÑ½øÈëÇ©µ½´°¿Ú£¬×¼±¸Ç©µ½...
2025-11-27 12:09:45,889 [INFO] Ìá½»Ç©µ½Êı¾İ: {"id": "211565", "courseSchedId": "2305891", "routerInfo": "A0:EE:1A:E0:A2:0E", "longitude": 116.397451, "latitude": 39.909187, "machineInfo": "Android", "signTime": "2025-11-27 12:09:45"}
2025-11-27 12:09:45,920 [INFO] Ç©µ½·µ»Ø: {'STATUS': '0', 'result': {'stuSignId': '4621490', 'stuSignStatus': '1'}}
2025-11-27 12:09:45,920 [INFO] ¿Î³Ì [¹¤¿ÆÊıÑ§·ÖÎö£¨1£©] Ç©µ½Íê³É¡£
2025-11-27 12:16:57,797 [INFO] ä»Šå¤©è¯¾ç¨‹åˆ—è¡¨ï¼ˆå«æ•™å®¤ç»çº¬åº¦ï¼‰:
2025-11-27 12:16:57,797 [INFO] 1. å·¥ç§‘æ•°å­¦åˆ†æï¼ˆ1ï¼‰ (æ•™å®¤: SH3-101) ç»åº¦: 116.397451, çº¬åº¦: 39.909187, å¼€å§‹: 2025-11-27 09:50:00, ç»“æŸ: 2025-11-27 12:15:00, id=2305891
2025-11-27 12:16:57,841 [INFO] è¯¾ç¨‹ å·¥ç§‘æ•°å­¦åˆ†æï¼ˆ1ï¼‰ ç­¾åˆ°çª—å£: 2025-11-27 09:45:00 ~ 2025-11-27 12:45:00
2025-11-27 12:16:57,841 [INFO] è‡ªåŠ¨é€‰æ‹©å…¨éƒ¨è¯¾ç¨‹ï¼Œå…± 1 é—¨ã€‚
2025-11-27 12:16:57,841 [INFO] è¿›å…¥è‡ªåŠ¨ç­¾åˆ°æ£€æµ‹å¾ªç¯ï¼ˆæ¯åˆ†é’Ÿæ£€æµ‹ä¸€æ¬¡ï¼Œç›´åˆ°æ‰€æœ‰è¯¾ç¨‹ç­¾åˆ°å®Œæˆï¼‰
2025-11-27 12:16:57,841 [INFO] æ£€æµ‹åˆ°è¯¾ç¨‹ [å·¥ç§‘æ•°å­¦åˆ†æï¼ˆ1ï¼‰] è¿›å…¥ç­¾åˆ°çª—å£ï¼Œå‡†å¤‡ç­¾åˆ°...
2025-11-27 12:16:57,945 [INFO] ç­¾åˆ°è¿”å› JSON: {'STATUS': '0', 'result': {'stuSignId': '4621490', 'stuSignStatus': '1'}}
2025-11-27 12:16:57,945 [INFO] è¯¾ç¨‹ [å·¥ç§‘æ•°å­¦åˆ†æï¼ˆ1ï¼‰] ç­¾åˆ°å®Œæˆã€‚
2025-11-27 12:17:23,607 [INFO] ç¨‹åºè¢«æ‰‹åŠ¨ç»ˆæ­¢
2025-12-01 11:53:15,121 [INFO] ä»Šå¤©è¯¾ç¨‹åˆ—è¡¨ï¼ˆå«æ•™å®¤ç»çº¬åº¦ï¼‰:
2025-12-01 11:53:15,121 [INFO] 1. å·¥ç§‘æ•°å­¦åˆ†æï¼ˆ1ï¼‰ (æ•™å®¤: SH3-101) ç»åº¦: 116.397451, çº¬åº¦: 39.909187, å¼€å§‹: 2025-12-01 14:00:00, ç»“æŸ: 2025-12-01 15:35:00, id=2308166
2025-12-01 11:53:15,121 [INFO] 2. ä¹ è¿‘å¹³æ–°æ—¶ä»£ä¸­å›½ç‰¹è‰²ç¤¾ä¼šä¸»ä¹‰æ€æƒ³æ¦‚è®º (æ•™å®¤: J3-211) ç»åº¦: 116.397451, çº¬åº¦: 116.397451, å¼€å§‹: 2025-12-01 15:50:00, ç»“æŸ: 2025-12-01 17:25:00, id=2308331
2025-12-01 11:53:15,165 [INFO] è¯¾ç¨‹ å·¥ç§‘æ•°å­¦åˆ†æï¼ˆ1ï¼‰ ç­¾åˆ°çª—å£: 2025-12-01 13:55:00 ~ 2025-12-01 16:05:00
2025-12-01 11:53:15,165 [INFO] è¯¾ç¨‹ ä¹ è¿‘å¹³æ–°æ—¶ä»£ä¸­å›½ç‰¹è‰²ç¤¾ä¼šä¸»ä¹‰æ€æƒ³æ¦‚è®º ç­¾åˆ°çª—å£: 2025-12-01 15:45:00 ~ 2025-12-01 17:55:00
2025-12-01 11:53:15,165 [INFO] è‡ªåŠ¨é€‰æ‹©å…¨éƒ¨è¯¾ç¨‹ï¼Œå…± 2 é—¨ã€‚
2025-12-01 11:53:15,165 [INFO] è¿›å…¥è‡ªåŠ¨ç­¾åˆ°æ£€æµ‹å¾ªç¯ï¼ˆæ¯åˆ†é’Ÿæ£€æµ‹ä¸€æ¬¡ï¼Œç›´åˆ°æ‰€æœ‰è¯¾ç¨‹ç­¾åˆ°å®Œæˆï¼‰
2025-12-01 13:55:15,226 [INFO] æ£€æµ‹åˆ°è¯¾ç¨‹ [å·¥ç§‘æ•°å­¦åˆ†æï¼ˆ1ï¼‰] è¿›å…¥ç­¾åˆ°çª—å£ï¼Œå‡†å¤‡ç­¾åˆ°...
2025-12-01 13:55:16,816 [INFO] ç­¾åˆ°è¿”å› JSON: {'STATUS': '0', 'result': {'stuSignId': '4769954', 'stuSignStatus': '1'}}
2025-12-01 13:55:16,816 [INFO] è¯¾ç¨‹ [å·¥ç§‘æ•°å­¦åˆ†æï¼ˆ1ï¼‰] ç­¾åˆ°å®Œæˆã€‚
2025-12-01 15:45:19,873 [INFO] æ£€æµ‹åˆ°è¯¾ç¨‹ [ä¹ è¿‘å¹³æ–°æ—¶ä»£ä¸­å›½ç‰¹è‰²ç¤¾ä¼šä¸»ä¹‰æ€æƒ³æ¦‚è®º] è¿›å…¥ç­¾åˆ°çª—å£ï¼Œå‡†å¤‡ç­¾åˆ°...
2025-12-01 15:45:21,594 [INFO] ç­¾åˆ°è¿”å› JSON: {'STATUS': '0', 'result': {'stuSignId': '4782032', 'stuSignStatus': '1'}}
2025-12-01 15:45:21,594 [INFO] è¯¾ç¨‹ [ä¹ è¿‘å¹³æ–°æ—¶ä»£ä¸­å›½ç‰¹è‰²ç¤¾ä¼šä¸»ä¹‰æ€æƒ³æ¦‚è®º] ç­¾åˆ°å®Œæˆã€‚
2025-12-01 15:46:24,595 [INFO] æ‰€æœ‰è¯¾ç¨‹å‡å·²ç­¾åˆ°å®Œæˆï¼Œç¨‹åºé€€å‡ºã€‚
